{
    "problem_params": {
        "sys_params": {
            "/sys/block/nvme0n1/queue/max_sectors_kb": [
                4,
                4096
            ],
            "/sys/block/nvme0n1/queue/nr_requests": [
                1,
                128
            ],
            "/sys/block/nvme0n1/queue/read_ahead_kb": [
                0,
                7
            ],
            "/sys/block/nvme0n1/queue/nomerges": [
                0,
                3
            ],
            "/sys/block/nvme0n1/queue/scheduler": [
                0,
                1
            ],
            "/sys/block/nvme0n1/queue/rq_affinity": [
                0,
                3
            ]
        },
        "fio_params": [
            "rw=write",
            "bs=4k",
            "iodepth=32",
            "numjobs=1",
            "ioengine=libaio",
            "direct=1",
            "time_based=1",
            "runtime=7s",
            "ramp_time=1s",
            "group_reporting=1"
        ],
        "objectives": [
            "write_throughput",
            "write_latency"
        ]
    },
    "evolution_params": {
        "n_generations": 10,
        "population_size": 50,
        "save_dir": "results/seq_write"
    }
}
Saving to: results/seq_write
==========================================================
n_gen  |  n_eval  | n_nds  |      eps      |   indicator  
==========================================================
     1 |       50 |      6 |             - |             -
     2 |      100 |      5 |  0.1308362731 |         ideal
     3 |      150 |      6 |  0.5977233796 |         nadir
     4 |      200 |      6 |  0.000000E+00 |             f
     5 |      250 |      6 |  0.000000E+00 |             f
     6 |      300 |      6 |  0.0092787018 |             f
OSError: [Errno 22] Invalid argument

During handling of the above exception, another exception occurred:

Traceback (most recent call last):
  File "/users/danyoung/aos-project/evo.py", line 68, in <module>
    main()
  File "/users/danyoung/aos-project/evo.py", line 61, in main
    algorithm.next()
  File "/users/danyoung/aos-project/.venv/lib/python3.10/site-packages/pymoo/core/algorithm.py", line 158, in next
    self.evaluator.eval(self.problem, infills, algorithm=self)
  File "/users/danyoung/aos-project/.venv/lib/python3.10/site-packages/pymoo/core/evaluator.py", line 69, in eval
    self._eval(problem, pop[I], evaluate_values_of, **kwargs)
  File "/users/danyoung/aos-project/.venv/lib/python3.10/site-packages/pymoo/core/evaluator.py", line 90, in _eval
    out = problem.evaluate(X, return_values_of=evaluate_values_of, return_as_dictionary=True, **kwargs)
  File "/users/danyoung/aos-project/.venv/lib/python3.10/site-packages/pymoo/core/problem.py", line 257, in evaluate
    _out = self.do(X, return_values_of, *args, **kwargs)
  File "/users/danyoung/aos-project/.venv/lib/python3.10/site-packages/pymoo/core/problem.py", line 297, in do
    self._evaluate_elementwise(X, out, *args, **kwargs)
  File "/users/danyoung/aos-project/.venv/lib/python3.10/site-packages/pymoo/core/problem.py", line 315, in _evaluate_elementwise
    elems = self.elementwise_runner(f, X)
  File "/users/danyoung/aos-project/.venv/lib/python3.10/site-packages/pymoo/core/problem.py", line 32, in __call__
    return [f(x) for x in X]
  File "/users/danyoung/aos-project/.venv/lib/python3.10/site-packages/pymoo/core/problem.py", line 32, in <listcomp>
    return [f(x) for x in X]
  File "/users/danyoung/aos-project/.venv/lib/python3.10/site-packages/pymoo/core/problem.py", line 25, in __call__
    self.problem._evaluate(x, out, *self.args, **self.kwargs)
  File "/users/danyoung/aos-project/problems/problem.py", line 97, in _evaluate
    self.set_sysfs_params(params)
  File "/users/danyoung/aos-project/problems/problem.py", line 74, in set_sysfs_params
    with open(param, "w", encoding="utf-8") as f:
OSError: [Errno 22] Invalid argument
{
    "problem_params": {
        "sys_params": {
            "/sys/block/nvme0n1/queue/max_sectors_kb": [
                4,
                4096
            ],
            "/sys/block/nvme0n1/queue/nr_requests": [
                1,
                128
            ],
            "/sys/block/nvme0n1/queue/read_ahead_kb": [
                0,
                7
            ],
            "/sys/block/nvme0n1/queue/nomerges": [
                0,
                3
            ],
            "/sys/block/nvme0n1/queue/scheduler": [
                0,
                1
            ],
            "/sys/block/nvme0n1/queue/rq_affinity": [
                0,
                3
            ]
        },
        "fio_params": [
            "rw=write",
            "bs=4k",
            "iodepth=32",
            "numjobs=1",
            "ioengine=libaio",
            "direct=1",
            "time_based=1",
            "runtime=7s",
            "ramp_time=1s",
            "group_reporting=1"
        ],
        "objectives": [
            "write_throughput",
            "write_latency"
        ]
    },
    "evolution_params": {
        "n_generations": 10,
        "population_size": 50,
        "save_dir": "results/seq_write2"
    }
}
Saving to: results/seq_write2
==========================================================
n_gen  |  n_eval  | n_nds  |      eps      |   indicator  
==========================================================
     1 |       50 |      5 |             - |             -
     2 |      100 |      8 |  0.1706390013 |         ideal
     3 |      150 |      6 |  0.1194608379 |         nadir
     4 |      200 |      7 |  0.0517174654 |             f
     5 |      250 |      8 |  0.0309697490 |             f
     6 |      300 |      8 |  0.000000E+00 |             f
     7 |      350 |      8 |  0.000000E+00 |             f
     8 |      400 |      8 |  0.000000E+00 |             f
     9 |      450 |      8 |  0.000000E+00 |             f
    10 |      500 |      8 |  0.000000E+00 |             f
{
    "problem_params": {
        "sys_params": {
            "/sys/block/nvme0n1/queue/max_sectors_kb": [
                4,
                4096
            ],
            "/sys/block/nvme0n1/queue/nr_requests": [
                1,
                128
            ],
            "/sys/block/nvme0n1/queue/read_ahead_kb": [
                0,
                7
            ],
            "/sys/block/nvme0n1/queue/nomerges": [
                0,
                3
            ],
            "/sys/block/nvme0n1/queue/scheduler": [
                0,
                1
            ],
            "/sys/block/nvme0n1/queue/rq_affinity": [
                0,
                3
            ]
        },
        "fio_params": [
            "rw=randwrite",
            "bs=4k",
            "iodepth=32",
            "numjobs=1",
            "ioengine=libaio",
            "direct=1",
            "time_based=1",
            "runtime=7s",
            "ramp_time=1s",
            "group_reporting=1"
        ],
        "objectives": [
            "write_throughput",
            "write_latency"
        ]
    },
    "evolution_params": {
        "n_generations": 10,
        "population_size": 50,
        "save_dir": "results/rand_write"
    }
}
Saving to: results/rand_write
==========================================================
n_gen  |  n_eval  | n_nds  |      eps      |   indicator  
==========================================================
     1 |       50 |      6 |             - |             -
     2 |      100 |      4 |  0.7820583379 |         ideal
     3 |      150 |      4 |  0.4594406981 |         ideal
     4 |      200 |      4 |  0.000000E+00 |             f
     5 |      250 |      5 |  0.0594059406 |         ideal
     6 |      300 |      6 |  0.0310530125 |             f
     7 |      350 |      6 |  0.000000E+00 |             f
     8 |      400 |      6 |  0.000000E+00 |             f
     9 |      450 |      6 |  0.0974679832 |         ideal
    10 |      500 |      6 |  0.000000E+00 |             f
Config path: results/rand_write/config.json
Traceback (most recent call last):
  File "/users/danyoung/aos-project/run_baseline.py", line 92, in <module>
    get_random_baselines()
  File "/users/danyoung/aos-project/run_baseline.py", line 79, in get_random_baselines
    with open(path, "r", encoding="utf-8") as f:
FileNotFoundError: [Errno 2] No such file or directory: 'results/big_fio/config.json'
Config path: results/rand_read/config.json
Config path: results/seq_write/config.json
Config path: results/seq_read/config.json
